------------------------------------------------------------
TimeQuest Timing Analyzer Summary
------------------------------------------------------------

Type  : Slow 1200mV 85C Model Setup 'mypll|altpll_component|pll|clk[2]'
Slack : -40.970
TNS   : -324.033

Type  : Slow 1200mV 85C Model Setup 'div|altpll_component|auto_generated|pll1|clk[0]'
Slack : 2.590
TNS   : 0.000

Type  : Slow 1200mV 85C Model Setup 'inclock'
Slack : 12.822
TNS   : 0.000

Type  : Slow 1200mV 85C Model Hold 'div|altpll_component|auto_generated|pll1|clk[0]'
Slack : 0.342
TNS   : 0.000

Type  : Slow 1200mV 85C Model Hold 'mypll|altpll_component|pll|clk[2]'
Slack : 0.355
TNS   : 0.000

Type  : Slow 1200mV 85C Model Hold 'inclock'
Slack : 0.407
TNS   : 0.000

Type  : Slow 1200mV 85C Model Recovery 'mypll|altpll_component|pll|clk[2]'
Slack : 10.756
TNS   : 0.000

Type  : Slow 1200mV 85C Model Removal 'mypll|altpll_component|pll|clk[2]'
Slack : 4.931
TNS   : 0.000

Type  : Slow 1200mV 85C Model Minimum Pulse Width 'inclock'
Slack : 9.758
TNS   : 0.000

Type  : Slow 1200mV 85C Model Minimum Pulse Width 'mypll|altpll_component|pll|clk[2]'
Slack : 19.710
TNS   : 0.000

Type  : Slow 1200mV 85C Model Minimum Pulse Width 'div|altpll_component|auto_generated|pll1|clk[0]'
Slack : 49.703
TNS   : 0.000

Type  : Slow 1200mV 0C Model Setup 'mypll|altpll_component|pll|clk[2]'
Slack : -36.055
TNS   : -281.773

Type  : Slow 1200mV 0C Model Setup 'div|altpll_component|auto_generated|pll1|clk[0]'
Slack : 3.280
TNS   : 0.000

Type  : Slow 1200mV 0C Model Setup 'inclock'
Slack : 13.568
TNS   : 0.000

Type  : Slow 1200mV 0C Model Hold 'div|altpll_component|auto_generated|pll1|clk[0]'
Slack : 0.350
TNS   : 0.000

Type  : Slow 1200mV 0C Model Hold 'mypll|altpll_component|pll|clk[2]'
Slack : 0.353
TNS   : 0.000

Type  : Slow 1200mV 0C Model Hold 'inclock'
Slack : 0.364
TNS   : 0.000

Type  : Slow 1200mV 0C Model Recovery 'mypll|altpll_component|pll|clk[2]'
Slack : 11.653
TNS   : 0.000

Type  : Slow 1200mV 0C Model Removal 'mypll|altpll_component|pll|clk[2]'
Slack : 4.360
TNS   : 0.000

Type  : Slow 1200mV 0C Model Minimum Pulse Width 'inclock'
Slack : 9.778
TNS   : 0.000

Type  : Slow 1200mV 0C Model Minimum Pulse Width 'mypll|altpll_component|pll|clk[2]'
Slack : 19.692
TNS   : 0.000

Type  : Slow 1200mV 0C Model Minimum Pulse Width 'div|altpll_component|auto_generated|pll1|clk[0]'
Slack : 49.701
TNS   : 0.000

Type  : Fast 1200mV 0C Model Setup 'mypll|altpll_component|pll|clk[2]'
Slack : -14.741
TNS   : -114.155

Type  : Fast 1200mV 0C Model Setup 'div|altpll_component|auto_generated|pll1|clk[0]'
Slack : 6.134
TNS   : 0.000

Type  : Fast 1200mV 0C Model Setup 'inclock'
Slack : 16.536
TNS   : 0.000

Type  : Fast 1200mV 0C Model Hold 'div|altpll_component|auto_generated|pll1|clk[0]'
Slack : 0.137
TNS   : 0.000

Type  : Fast 1200mV 0C Model Hold 'mypll|altpll_component|pll|clk[2]'
Slack : 0.150
TNS   : 0.000

Type  : Fast 1200mV 0C Model Hold 'inclock'
Slack : 0.188
TNS   : 0.000

Type  : Fast 1200mV 0C Model Recovery 'mypll|altpll_component|pll|clk[2]'
Slack : 14.851
TNS   : 0.000

Type  : Fast 1200mV 0C Model Removal 'mypll|altpll_component|pll|clk[2]'
Slack : 2.483
TNS   : 0.000

Type  : Fast 1200mV 0C Model Minimum Pulse Width 'inclock'
Slack : 9.437
TNS   : 0.000

Type  : Fast 1200mV 0C Model Minimum Pulse Width 'mypll|altpll_component|pll|clk[2]'
Slack : 19.750
TNS   : 0.000

Type  : Fast 1200mV 0C Model Minimum Pulse Width 'div|altpll_component|auto_generated|pll1|clk[0]'
Slack : 49.755
TNS   : 0.000

------------------------------------------------------------
